09cdd0f release: v2026.7.16
fields [^,]+               class-scan          4.570    25.72  5.63x [5.53-5.67]     5.06  1.11x [1.11-1.11]    23.10  5.06x [5.03-5.10]   31750/31750/31750/31750
alt the|fox|dog            alternation         2.708   29.93 11.05x [11.03-11.17]     2.23  0.82x [0.82-0.83]    10.46  3.86x [3.85-3.87]   14036/14036/14036/14036
hex [0-9a-f]{8}            quantifier          3.611    20.48  5.67x [5.59-5.72]     1.81  0.50x [0.50-0.51]     4.09  1.13x [1.12-1.14]   3449/3449/3449/3449
date {4}-{2}-{2}           quantifier          0.662   18.24 27.56x [27.53-27.61]     0.61  0.93x [0.92-0.93]     4.10  6.20x [6.19-6.22]   3390/3390/3390/3390
digits [0-9]+              density             2.081   24.50 11.77x [11.73-11.85]     3.61  1.73x [1.73-1.78]    16.96  8.15x [8.08-8.23]   23730/23730/23730/23730
literal                    literal             0.771   15.04 19.51x [19.41-19.68]     0.58  0.75x [0.75-0.76]     2.39  3.10x [3.08-3.12]   3175/3175/3175/3175
lookahead [a-z]+(?=[a-z])  differentiator    114.680    77.74  0.68x [0.67-0.69]     7.22  0.06x [0.06-0.06]                 unsupported   38599/38599/38599/—

per-scan time distributions (ns; left = faster):
  words [a-z]+:
real  │█                                         │
std   │                                       █┃┤│
pcre2 │    █┤                                    │
re2   │                                      █┤  │
      │6.5e+05                              6e+06│
  digits [0-9]+:
real  │█                                         │
std   │                                      █┃─┤│
pcre2 │  █┃                                      │
re2   │                         █┃┤              │
      │4e+05                              5.2e+06│
  lookahead [a-z]+(?=[a-z]):
real  │                                      █┃─┤│
std   │                         █┃               │
pcre2 │█                                         │
      │1.4e+06                            2.4e+07│

scaling sweep — [a-z]+ across sizes (median ns/byte + ratio-vs-REAL):
     size   REAL ns/B         std(x)       pcre2(x)         re2(x)
     1026       4.289  46.364(10.81x)   9.788(2.28x)  35.432(8.26x)
    10032       3.322  31.010(9.33x)   6.719(2.02x)  29.011(8.73x)
   100035       3.283  29.418(8.96x)   6.435(1.96x)  28.989(8.83x)
  1000010       3.287  29.142(8.87x)   6.389(1.94x)  28.356(8.63x)

ReDoS — (a+)+b over 'a'*N (no match): REAL/RE2 stay linear, std backtracks.
  real  N=100000     0.521 ms
  re2   N=100000     0.162 ms
  std   N=22       259.247 ms
  std   N=24      1033.300 ms
  std   N=26      4107.250 ms
=== DONE-BR ===
